[INFO] Scanning for projects...
[INFO] 
[INFO] -----------------------< com.liteflow:LiteFlow >------------------------
[INFO] Building LiteFlow 1.0.0
[INFO]   from pom.xml
[INFO] --------------------------------[ war ]---------------------------------
[INFO] 
[INFO] --- clean:3.2.0:clean (default-clean) @ LiteFlow ---
[INFO] Deleting C:\Users\ADMIN\Downloads\LiteFlow-master\LiteFlow-master\target
[INFO] 
[INFO] --- jacoco:0.8.10:prepare-agent (prepare-agent) @ LiteFlow ---
[INFO] argLine set to -javaagent:D:\\M2\\org\\jacoco\\org.jacoco.agent\\0.8.10\\org.jacoco.agent-0.8.10-runtime.jar=destfile=C:\\Users\\ADMIN\\Downloads\\LiteFlow-master\\LiteFlow-master\\target\\jacoco.exec
[INFO] 
[INFO] --- resources:3.3.1:resources (default-resources) @ LiteFlow ---
[INFO] Copying 2 resources from src\main\resources to target\classes
[INFO] 
[INFO] --- compiler:3.11.0:compile (default-compile) @ LiteFlow ---
[INFO] Changes detected - recompiling the module! :source
[INFO] Compiling 228 source files with javac [debug target 16] to target\classes
[INFO] Annotation processing is enabled because one or more processors were found
  on the class path. A future release of javac may disable annotation processing
  unless at least one processor is specified by name (-processor), or a search
  path is specified (--processor-path, --processor-module-path), or annotation
  processing is enabled explicitly (-proc:only, -proc:full).
  Use -Xlint:-options to suppress this message.
  Use -proc:none to disable annotation processing.
[INFO] Hibernate/JPA static Metamodel Generator 6.4.4.Final
[INFO] -------------------------------------------------------------
[WARNING] COMPILATION WARNING : 
[INFO] -------------------------------------------------------------
[WARNING] system modules path not set in conjunction with -source 16
[WARNING] Unable to parse persistence.xml: Unable to perform unmarshalling at line number 0 and column 0. Message: null
[WARNING] Supported source version 'RELEASE_8' from annotation processor 'org.apache.tinkerpop.gremlin.process.traversal.dsl.GremlinDslProcessor' less than -source '16'
[INFO] 3 warnings 
[INFO] -------------------------------------------------------------
[INFO] -------------------------------------------------------------
[ERROR] COMPILATION ERROR : 
[INFO] -------------------------------------------------------------
[ERROR] /C:/Users/ADMIN/Downloads/LiteFlow-master/LiteFlow-master/src/main/java/com/liteflow/modules/auth/service/UserService.java:[21,30] cannot find symbol
  symbol:   class User
  location: class com.liteflow.modules.auth.service.UserService
[ERROR] /C:/Users/ADMIN/Downloads/LiteFlow-master/LiteFlow-master/src/main/java/com/liteflow/modules/auth/service/UserService.java:[22,30] cannot find symbol
  symbol:   class UserSession
  location: class com.liteflow.modules.auth.service.UserService
[ERROR] /C:/Users/ADMIN/Downloads/LiteFlow-master/LiteFlow-master/src/main/java/com/liteflow/modules/auth/service/UserService.java:[35,17] cannot find symbol
  symbol:   class User
  location: class com.liteflow.modules.auth.service.UserService
[ERROR] /C:/Users/ADMIN/Downloads/LiteFlow-master/LiteFlow-master/src/main/java/com/liteflow/modules/auth/service/UserService.java:[45,21] cannot find symbol
  symbol:   class User
  location: class com.liteflow.modules.auth.service.UserService
[ERROR] /C:/Users/ADMIN/Downloads/LiteFlow-master/LiteFlow-master/src/main/java/com/liteflow/modules/auth/service/UserService.java:[55,31] cannot find symbol
  symbol:   class User
  location: class com.liteflow.modules.auth.service.UserService
[ERROR] /C:/Users/ADMIN/Downloads/LiteFlow-master/LiteFlow-master/src/main/java/com/liteflow/modules/auth/service/UserService.java:[65,31] cannot find symbol
  symbol:   class User
  location: class com.liteflow.modules.auth.service.UserService
[ERROR] /C:/Users/ADMIN/Downloads/LiteFlow-master/LiteFlow-master/src/main/java/com/liteflow/modules/auth/service/UserService.java:[122,12] cannot find symbol
  symbol:   class User
  location: class com.liteflow.modules.auth.service.UserService
[ERROR] /C:/Users/ADMIN/Downloads/LiteFlow-master/LiteFlow-master/src/main/java/com/liteflow/modules/auth/service/UserService.java:[144,12] cannot find symbol
  symbol:   class User
  location: class com.liteflow.modules.auth.service.UserService
[ERROR] /C:/Users/ADMIN/Downloads/LiteFlow-master/LiteFlow-master/src/main/java/com/liteflow/modules/auth/service/UserService.java:[254,35] cannot find symbol
  symbol:   class User
  location: class com.liteflow.modules.auth.service.UserService
[ERROR] /C:/Users/ADMIN/Downloads/LiteFlow-master/LiteFlow-master/src/main/java/com/liteflow/modules/auth/service/UserService.java:[280,38] cannot find symbol
  symbol:   class User
  location: class com.liteflow.modules.auth.service.UserService
[ERROR] /C:/Users/ADMIN/Downloads/LiteFlow-master/LiteFlow-master/src/main/java/com/liteflow/modules/auth/service/UserService.java:[280,12] cannot find symbol
  symbol:   class UserSession
  location: class com.liteflow.modules.auth.service.UserService
[ERROR] /C:/Users/ADMIN/Downloads/LiteFlow-master/LiteFlow-master/src/main/java/com/liteflow/modules/auth/service/UserService.java:[315,12] cannot find symbol
  symbol:   class UserSession
  location: class com.liteflow.modules.auth.service.UserService
[ERROR] /C:/Users/ADMIN/Downloads/LiteFlow-master/LiteFlow-master/src/main/java/com/liteflow/modules/auth/service/UserService.java:[372,17] cannot find symbol
  symbol:   class UserSession
  location: class com.liteflow.modules.auth.service.UserService
[ERROR] /C:/Users/ADMIN/Downloads/LiteFlow-master/LiteFlow-master/src/main/java/com/liteflow/modules/auth/service/UserService.java:[393,12] cannot find symbol
  symbol:   class User
  location: class com.liteflow.modules.auth.service.UserService
[ERROR] /C:/Users/ADMIN/Downloads/LiteFlow-master/LiteFlow-master/src/main/java/com/liteflow/modules/auth/service/UserService.java:[416,32] cannot find symbol
  symbol:   class User
  location: class com.liteflow.modules.auth.service.UserService
[ERROR] /C:/Users/ADMIN/Downloads/LiteFlow-master/LiteFlow-master/src/main/java/com/liteflow/modules/auth/service/UserService.java:[8,1] package com.liteflow.model.auth does not exist
[ERROR] /C:/Users/ADMIN/Downloads/LiteFlow-master/LiteFlow-master/src/main/java/com/liteflow/web/settings/SettingsPageServlet.java:[3,31] package com.liteflow.model.auth does not exist
[ERROR] /C:/Users/ADMIN/Downloads/LiteFlow-master/LiteFlow-master/src/main/java/com/liteflow/web/settings/SettingsPageServlet.java:[4,33] package com.liteflow.service.auth does not exist
[ERROR] /C:/Users/ADMIN/Downloads/LiteFlow-master/LiteFlow-master/src/main/java/com/liteflow/web/settings/SettingsPageServlet.java:[19,19] cannot find symbol
  symbol:   class UserService
  location: class com.liteflow.web.settings.SettingsPageServlet
[ERROR] /C:/Users/ADMIN/Downloads/LiteFlow-master/LiteFlow-master/src/main/java/com/liteflow/modules/core/service/AlertService.java:[17,19] cannot find symbol
  symbol:   class AlertConfigurationDAO
  location: class com.liteflow.modules.core.service.AlertService
[ERROR] /C:/Users/ADMIN/Downloads/LiteFlow-master/LiteFlow-master/src/main/java/com/liteflow/modules/core/service/AlertService.java:[18,19] cannot find symbol
  symbol:   class AlertHistoryDAO
  location: class com.liteflow.modules.core.service.AlertService
[ERROR] /C:/Users/ADMIN/Downloads/LiteFlow-master/LiteFlow-master/src/main/java/com/liteflow/modules/core/service/AlertService.java:[20,19] cannot find symbol
  symbol:   class UserAlertPreferenceDAO
  location: class com.liteflow.modules.core.service.AlertService
[ERROR] /C:/Users/ADMIN/Downloads/LiteFlow-master/LiteFlow-master/src/main/java/com/liteflow/modules/core/service/AlertService.java:[96,31] cannot find symbol
  symbol:   class AlertHistory
  location: class com.liteflow.modules.core.service.AlertService
[ERROR] /C:/Users/ADMIN/Downloads/LiteFlow-master/LiteFlow-master/src/main/java/com/liteflow/modules/core/service/AlertService.java:[96,51] cannot find symbol
  symbol:   class AlertConfiguration
  location: class com.liteflow.modules.core.service.AlertService
[ERROR] /C:/Users/ADMIN/Downloads/LiteFlow-master/LiteFlow-master/src/main/java/com/liteflow/modules/core/service/AlertService.java:[514,17] cannot find symbol
  symbol:   class AlertHistory
  location: class com.liteflow.modules.core.service.AlertService
[ERROR] /C:/Users/ADMIN/Downloads/LiteFlow-master/LiteFlow-master/src/main/java/com/liteflow/modules/core/service/AlertService.java:[521,17] cannot find symbol
  symbol:   class AlertHistory
  location: class com.liteflow.modules.core.service.AlertService
[ERROR] /C:/Users/ADMIN/Downloads/LiteFlow-master/LiteFlow-master/src/main/java/com/liteflow/modules/core/service/AlertService.java:[528,17] cannot find symbol
  symbol:   class AlertHistory
  location: class com.liteflow.modules.core.service.AlertService
[ERROR] /C:/Users/ADMIN/Downloads/LiteFlow-master/LiteFlow-master/src/main/java/com/liteflow/modules/core/service/AlertService.java:[556,12] cannot find symbol
  symbol:   class AlertHistory
  location: class com.liteflow.modules.core.service.AlertService
[ERROR] /C:/Users/ADMIN/Downloads/LiteFlow-master/LiteFlow-master/src/main/java/com/liteflow/modules/core/service/AlertService.java:[637,17] cannot find symbol
  symbol:   class AlertConfiguration
  location: class com.liteflow.modules.core.service.AlertService
[ERROR] /C:/Users/ADMIN/Downloads/LiteFlow-master/LiteFlow-master/src/main/java/com/liteflow/modules/core/service/AlertService.java:[644,17] cannot find symbol
  symbol:   class AlertConfiguration
  location: class com.liteflow.modules.core.service.AlertService
[ERROR] /C:/Users/ADMIN/Downloads/LiteFlow-master/LiteFlow-master/src/main/java/com/liteflow/modules/core/service/AlertService.java:[651,40] cannot find symbol
  symbol:   class AlertConfiguration
  location: class com.liteflow.modules.core.service.AlertService
[ERROR] /C:/Users/ADMIN/Downloads/LiteFlow-master/LiteFlow-master/src/main/java/com/liteflow/modules/core/service/AlertService.java:[3,1] package com.liteflow.dao.alert does not exist
[ERROR] /C:/Users/ADMIN/Downloads/LiteFlow-master/LiteFlow-master/src/main/java/com/liteflow/modules/core/service/AlertService.java:[4,1] package com.liteflow.model.alert does not exist
[ERROR] /C:/Users/ADMIN/Downloads/LiteFlow-master/LiteFlow-master/src/main/java/com/liteflow/security/AuthUtils.java:[3,31] package com.liteflow.model.auth does not exist
[ERROR] /C:/Users/ADMIN/Downloads/LiteFlow-master/LiteFlow-master/src/main/java/com/liteflow/security/AuthUtils.java:[4,31] package com.liteflow.model.auth does not exist
[ERROR] /C:/Users/ADMIN/Downloads/LiteFlow-master/LiteFlow-master/src/main/java/com/liteflow/security/AuthUtils.java:[62,38] cannot find symbol
  symbol:   class User
  location: class com.liteflow.security.AuthUtils
[ERROR] /C:/Users/ADMIN/Downloads/LiteFlow-master/LiteFlow-master/src/main/java/com/liteflow/security/AuthControllerHelper.java:[3,31] package com.liteflow.model.auth does not exist
[ERROR] /C:/Users/ADMIN/Downloads/LiteFlow-master/LiteFlow-master/src/main/java/com/liteflow/security/AuthControllerHelper.java:[4,31] package com.liteflow.model.auth does not exist
[ERROR] /C:/Users/ADMIN/Downloads/LiteFlow-master/LiteFlow-master/src/main/java/com/liteflow/security/AuthControllerHelper.java:[5,33] package com.liteflow.service.auth does not exist
[ERROR] /C:/Users/ADMIN/Downloads/LiteFlow-master/LiteFlow-master/src/main/java/com/liteflow/security/AuthControllerHelper.java:[6,33] package com.liteflow.service.auth does not exist
[ERROR] /C:/Users/ADMIN/Downloads/LiteFlow-master/LiteFlow-master/src/main/java/com/liteflow/security/AuthControllerHelper.java:[7,33] package com.liteflow.service.auth does not exist
[ERROR] /C:/Users/ADMIN/Downloads/LiteFlow-master/LiteFlow-master/src/main/java/com/liteflow/security/AuthControllerHelper.java:[32,19] cannot find symbol
  symbol:   class UserService
  location: class com.liteflow.security.AuthControllerHelper
[ERROR] /C:/Users/ADMIN/Downloads/LiteFlow-master/LiteFlow-master/src/main/java/com/liteflow/security/AuthControllerHelper.java:[33,19] cannot find symbol
  symbol:   class OtpService
  location: class com.liteflow.security.AuthControllerHelper
[ERROR] /C:/Users/ADMIN/Downloads/LiteFlow-master/LiteFlow-master/src/main/java/com/liteflow/security/AuthControllerHelper.java:[34,19] cannot find symbol
  symbol:   class AuditService
  location: class com.liteflow.security.AuthControllerHelper
[ERROR] /C:/Users/ADMIN/Downloads/LiteFlow-master/LiteFlow-master/src/main/java/com/liteflow/security/AuthControllerHelper.java:[41,44] cannot find symbol
  symbol:   class User
  location: class com.liteflow.security.AuthControllerHelper
[ERROR] /C:/Users/ADMIN/Downloads/LiteFlow-master/LiteFlow-master/src/main/java/com/liteflow/security/AuthControllerHelper.java:[73,34] cannot find symbol
  symbol:   class User
  location: class com.liteflow.security.AuthControllerHelper
[ERROR] /C:/Users/ADMIN/Downloads/LiteFlow-master/LiteFlow-master/src/main/java/com/liteflow/security/AuthControllerHelper.java:[82,33] cannot find symbol
  symbol:   class User
  location: class com.liteflow.security.AuthControllerHelper
[ERROR] /C:/Users/ADMIN/Downloads/LiteFlow-master/LiteFlow-master/src/main/java/com/liteflow/security/AuthControllerHelper.java:[97,33] cannot find symbol
  symbol:   class User
  location: class com.liteflow.security.AuthControllerHelper
[ERROR] /C:/Users/ADMIN/Downloads/LiteFlow-master/LiteFlow-master/src/main/java/com/liteflow/security/AuthControllerHelper.java:[97,44] cannot find symbol
  symbol:   class UserSession
  location: class com.liteflow.security.AuthControllerHelper
[ERROR] /C:/Users/ADMIN/Downloads/LiteFlow-master/LiteFlow-master/src/main/java/com/liteflow/security/AuthControllerHelper.java:[127,35] cannot find symbol
  symbol:   class User
  location: class com.liteflow.security.AuthControllerHelper
[ERROR] /C:/Users/ADMIN/Downloads/LiteFlow-master/LiteFlow-master/src/main/java/com/liteflow/security/AuthControllerHelper.java:[134,41] cannot find symbol
  symbol:   class User
  location: class com.liteflow.security.AuthControllerHelper
[ERROR] /C:/Users/ADMIN/Downloads/LiteFlow-master/LiteFlow-master/src/main/java/com/liteflow/security/AuthControllerHelper.java:[157,13] cannot find symbol
  symbol:   class User
  location: class com.liteflow.security.AuthControllerHelper
[ERROR] /C:/Users/ADMIN/Downloads/LiteFlow-master/LiteFlow-master/src/main/java/com/liteflow/job/ReservationOverdueJob.java:[3,38] package com.liteflow.service.inventory does not exist
[ERROR] /C:/Users/ADMIN/Downloads/LiteFlow-master/LiteFlow-master/src/main/java/com/liteflow/filter/LoginFilter.java:[3,31] package com.liteflow.model.auth does not exist
[ERROR] /C:/Users/ADMIN/Downloads/LiteFlow-master/LiteFlow-master/src/main/java/com/liteflow/filter/LoginFilter.java:[5,33] package com.liteflow.service.auth does not exist
[ERROR] /C:/Users/ADMIN/Downloads/LiteFlow-master/LiteFlow-master/src/main/java/com/liteflow/filter/LoginFilter.java:[20,19] cannot find symbol
  symbol:   class UserService
  location: class com.liteflow.filter.LoginFilter
[ERROR] /C:/Users/ADMIN/Downloads/LiteFlow-master/LiteFlow-master/src/main/java/com/liteflow/modules/inventory/dao/OrderDAO.java:[162,13] cannot find symbol
  symbol:   class TableSession
  location: class com.liteflow.modules.inventory.dao.OrderDAO
[ERROR] /C:/Users/ADMIN/Downloads/LiteFlow-master/LiteFlow-master/src/main/java/com/liteflow/modules/inventory/dao/OrderDAO.java:[271,55] cannot find symbol
  symbol:   class TableSession
  location: class com.liteflow.modules.inventory.dao.OrderDAO
[ERROR] /C:/Users/ADMIN/Downloads/LiteFlow-master/LiteFlow-master/src/main/java/com/liteflow/modules/inventory/dao/OrderDAO.java:[4,1] package com.liteflow.model.inventory does not exist
[ERROR] /C:/Users/ADMIN/Downloads/LiteFlow-master/LiteFlow-master/src/main/java/com/liteflow/modules/reservation/controller/PaymentResultServlet.java:[4,1] package com.liteflow.model.inventory does not exist
[ERROR] /C:/Users/ADMIN/Downloads/LiteFlow-master/LiteFlow-master/src/main/java/com/liteflow/filter/AuthenticationFilter.java:[3,31] package com.liteflow.model.auth does not exist
[ERROR] /C:/Users/ADMIN/Downloads/LiteFlow-master/LiteFlow-master/src/main/java/com/liteflow/filter/AuthenticationFilter.java:[5,37] package com.liteflow.service.employee does not exist
[ERROR] /C:/Users/ADMIN/Downloads/LiteFlow-master/LiteFlow-master/src/main/java/com/liteflow/filter/AuthenticationFilter.java:[6,33] package com.liteflow.service.auth does not exist
[ERROR] /C:/Users/ADMIN/Downloads/LiteFlow-master/LiteFlow-master/src/main/java/com/liteflow/filter/AuthenticationFilter.java:[7,33] package com.liteflow.service.auth does not exist
[ERROR] /C:/Users/ADMIN/Downloads/LiteFlow-master/LiteFlow-master/src/main/java/com/liteflow/filter/AuthenticationFilter.java:[20,19] cannot find symbol
  symbol:   class AuditService
  location: class com.liteflow.filter.AuthenticationFilter
[ERROR] /C:/Users/ADMIN/Downloads/LiteFlow-master/LiteFlow-master/src/main/java/com/liteflow/filter/AuthenticationFilter.java:[21,19] cannot find symbol
  symbol:   class UserService
  location: class com.liteflow.filter.AuthenticationFilter
[ERROR] /C:/Users/ADMIN/Downloads/LiteFlow-master/LiteFlow-master/src/main/java/com/liteflow/filter/AuthenticationFilter.java:[22,19] cannot find symbol
  symbol:   class EmployeeService
  location: class com.liteflow.filter.AuthenticationFilter
[ERROR] /C:/Users/ADMIN/Downloads/LiteFlow-master/LiteFlow-master/src/main/java/com/liteflow/modules/procurement/service/ProcurementService.java:[17,19] cannot find symbol
  symbol:   class SupplierDAO
  location: class com.liteflow.modules.procurement.service.ProcurementService
[ERROR] /C:/Users/ADMIN/Downloads/LiteFlow-master/LiteFlow-master/src/main/java/com/liteflow/modules/procurement/service/ProcurementService.java:[18,19] cannot find symbol
  symbol:   class SupplierSLADAO
  location: class com.liteflow.modules.procurement.service.ProcurementService
[ERROR] /C:/Users/ADMIN/Downloads/LiteFlow-master/LiteFlow-master/src/main/java/com/liteflow/modules/procurement/service/ProcurementService.java:[19,19] cannot find symbol
  symbol:   class PurchaseOrderDAO
  location: class com.liteflow.modules.procurement.service.ProcurementService
[ERROR] /C:/Users/ADMIN/Downloads/LiteFlow-master/LiteFlow-master/src/main/java/com/liteflow/modules/procurement/service/ProcurementService.java:[20,19] cannot find symbol
  symbol:   class PurchaseOrderItemDAO
  location: class com.liteflow.modules.procurement.service.ProcurementService
[ERROR] /C:/Users/ADMIN/Downloads/LiteFlow-master/LiteFlow-master/src/main/java/com/liteflow/modules/procurement/service/ProcurementService.java:[21,19] cannot find symbol
  symbol:   class GoodsReceiptDAO
  location: class com.liteflow.modules.procurement.service.ProcurementService
[ERROR] /C:/Users/ADMIN/Downloads/LiteFlow-master/LiteFlow-master/src/main/java/com/liteflow/modules/procurement/service/ProcurementService.java:[23,19] cannot find symbol
  symbol:   class GoodsReceiptItemDAO
  location: class com.liteflow.modules.procurement.service.ProcurementService
[ERROR] /C:/Users/ADMIN/Downloads/LiteFlow-master/LiteFlow-master/src/main/java/com/liteflow/modules/procurement/service/ProcurementService.java:[24,19] cannot find symbol
  symbol:   class InvoiceDAO
  location: class com.liteflow.modules.procurement.service.ProcurementService
[ERROR] /C:/Users/ADMIN/Downloads/LiteFlow-master/LiteFlow-master/src/main/java/com/liteflow/modules/procurement/service/ProcurementService.java:[25,19] cannot find symbol
  symbol:   class InvoiceItemDAO
  location: class com.liteflow.modules.procurement.service.ProcurementService
[ERROR] /C:/Users/ADMIN/Downloads/LiteFlow-master/LiteFlow-master/src/main/java/com/liteflow/modules/procurement/service/ProcurementService.java:[45,17] cannot find symbol
  symbol:   class Supplier
  location: class com.liteflow.modules.procurement.service.ProcurementService
[ERROR] /C:/Users/ADMIN/Downloads/LiteFlow-master/LiteFlow-master/src/main/java/com/liteflow/modules/procurement/service/ProcurementService.java:[47,12] cannot find symbol
  symbol:   class Supplier
  location: class com.liteflow.modules.procurement.service.ProcurementService
[ERROR] /C:/Users/ADMIN/Downloads/LiteFlow-master/LiteFlow-master/src/main/java/com/liteflow/modules/procurement/service/ProcurementService.java:[51,35] cannot find symbol
  symbol:   class Supplier
  location: class com.liteflow.modules.procurement.service.ProcurementService
[ERROR] /C:/Users/ADMIN/Downloads/LiteFlow-master/LiteFlow-master/src/main/java/com/liteflow/modules/procurement/service/ProcurementService.java:[65,117] cannot find symbol
  symbol:   class PurchaseOrderItem
  location: class com.liteflow.modules.procurement.service.ProcurementService
[ERROR] /C:/Users/ADMIN/Downloads/LiteFlow-master/LiteFlow-master/src/main/java/com/liteflow/modules/procurement/service/ProcurementService.java:[278,17] cannot find symbol
  symbol:   class PurchaseOrder
  location: class com.liteflow.modules.procurement.service.ProcurementService
[ERROR] /C:/Users/ADMIN/Downloads/LiteFlow-master/LiteFlow-master/src/main/java/com/liteflow/modules/procurement/service/ProcurementService.java:[280,17] cannot find symbol
  symbol:   class PurchaseOrderItem
  location: class com.liteflow.modules.procurement.service.ProcurementService
[ERROR] /C:/Users/ADMIN/Downloads/LiteFlow-master/LiteFlow-master/src/main/java/com/liteflow/modules/procurement/service/ProcurementService.java:[391,17] cannot find symbol
  symbol:   class PurchaseOrder
  location: class com.liteflow.modules.procurement.service.ProcurementService
[ERROR] /C:/Users/ADMIN/Downloads/LiteFlow-master/LiteFlow-master/src/main/java/com/liteflow/modules/procurement/service/ProcurementService.java:[1101,37] cannot find symbol
  symbol:   class Invoice
  location: class com.liteflow.modules.procurement.service.ProcurementService
[ERROR] /C:/Users/ADMIN/Downloads/LiteFlow-master/LiteFlow-master/src/main/java/com/liteflow/modules/procurement/service/ProcurementService.java:[1191,17] cannot find symbol
  symbol:   class PurchaseOrder
  location: class com.liteflow.modules.procurement.service.ProcurementService
[ERROR] /C:/Users/ADMIN/Downloads/LiteFlow-master/LiteFlow-master/src/main/java/com/liteflow/modules/procurement/service/ProcurementService.java:[1203,17] cannot find symbol
  symbol:   class PurchaseOrder
  location: class com.liteflow.modules.procurement.service.ProcurementService
[ERROR] /C:/Users/ADMIN/Downloads/LiteFlow-master/LiteFlow-master/src/main/java/com/liteflow/modules/procurement/service/ProcurementService.java:[1263,17] cannot find symbol
  symbol:   class Invoice
  location: class com.liteflow.modules.procurement.service.ProcurementService
[ERROR] /C:/Users/ADMIN/Downloads/LiteFlow-master/LiteFlow-master/src/main/java/com/liteflow/modules/procurement/service/ProcurementService.java:[1270,12] cannot find symbol
  symbol:   class Invoice
  location: class com.liteflow.modules.procurement.service.ProcurementService
[ERROR] /C:/Users/ADMIN/Downloads/LiteFlow-master/LiteFlow-master/src/main/java/com/liteflow/modules/procurement/service/ProcurementService.java:[1277,17] cannot find symbol
  symbol:   class Invoice
  location: class com.liteflow.modules.procurement.service.ProcurementService
[ERROR] /C:/Users/ADMIN/Downloads/LiteFlow-master/LiteFlow-master/src/main/java/com/liteflow/modules/procurement/service/ProcurementService.java:[1286,17] cannot find symbol
  symbol:   class Invoice
  location: class com.liteflow.modules.procurement.service.ProcurementService
[ERROR] /C:/Users/ADMIN/Downloads/LiteFlow-master/LiteFlow-master/src/main/java/com/liteflow/modules/procurement/service/ProcurementService.java:[1295,17] cannot find symbol
  symbol:   class Invoice
  location: class com.liteflow.modules.procurement.service.ProcurementService
[ERROR] /C:/Users/ADMIN/Downloads/LiteFlow-master/LiteFlow-master/src/main/java/com/liteflow/modules/procurement/service/ProcurementService.java:[1316,34] cannot find symbol
  symbol:   class Invoice
  location: class com.liteflow.modules.procurement.service.ProcurementService
[ERROR] /C:/Users/ADMIN/Downloads/LiteFlow-master/LiteFlow-master/src/main/java/com/liteflow/modules/procurement/service/ProcurementService.java:[1340,17] cannot find symbol
  symbol:   class Invoice
  location: class com.liteflow.modules.procurement.service.ProcurementService
[ERROR] /C:/Users/ADMIN/Downloads/LiteFlow-master/LiteFlow-master/src/main/java/com/liteflow/modules/procurement/service/InvoiceMatchingService.java:[15,19] cannot find symbol
  symbol:   class PurchaseOrderDAO
  location: class com.liteflow.modules.procurement.service.InvoiceMatchingService
[ERROR] /C:/Users/ADMIN/Downloads/LiteFlow-master/LiteFlow-master/src/main/java/com/liteflow/modules/procurement/service/InvoiceMatchingService.java:[16,19] cannot find symbol
  symbol:   class PurchaseOrderItemDAO
  location: class com.liteflow.modules.procurement.service.InvoiceMatchingService
[ERROR] /C:/Users/ADMIN/Downloads/LiteFlow-master/LiteFlow-master/src/main/java/com/liteflow/modules/procurement/service/InvoiceMatchingService.java:[17,19] cannot find symbol
  symbol:   class GoodsReceiptDAO
  location: class com.liteflow.modules.procurement.service.InvoiceMatchingService
[ERROR] /C:/Users/ADMIN/Downloads/LiteFlow-master/LiteFlow-master/src/main/java/com/liteflow/modules/procurement/service/InvoiceMatchingService.java:[18,19] cannot find symbol
  symbol:   class GoodsReceiptItemDAO
  location: class com.liteflow.modules.procurement.service.InvoiceMatchingService
[ERROR] /C:/Users/ADMIN/Downloads/LiteFlow-master/LiteFlow-master/src/main/java/com/liteflow/modules/procurement/service/InvoiceMatchingService.java:[19,19] cannot find symbol
  symbol:   class InvoiceDAO
  location: class com.liteflow.modules.procurement.service.InvoiceMatchingService
[ERROR] /C:/Users/ADMIN/Downloads/LiteFlow-master/LiteFlow-master/src/main/java/com/liteflow/modules/procurement/service/InvoiceMatchingService.java:[20,19] cannot find symbol
  symbol:   class InvoiceItemDAO
  location: class com.liteflow.modules.procurement.service.InvoiceMatchingService
[ERROR] /C:/Users/ADMIN/Downloads/LiteFlow-master/LiteFlow-master/src/main/java/com/liteflow/modules/procurement/service/InvoiceMatchingService.java:[204,9] cannot find symbol
  symbol:   class InvoiceItem
  location: class com.liteflow.modules.procurement.service.InvoiceMatchingService
[ERROR] /C:/Users/ADMIN/Downloads/LiteFlow-master/LiteFlow-master/src/main/java/com/liteflow/modules/procurement/service/InvoiceMatchingService.java:[205,9] cannot find symbol
  symbol:   class PurchaseOrderItem
  location: class com.liteflow.modules.procurement.service.InvoiceMatchingService
[INFO] 100 errors 
[INFO] -------------------------------------------------------------
[INFO] ------------------------------------------------------------------------
[INFO] BUILD FAILURE
[INFO] ------------------------------------------------------------------------
[INFO] Total time:  5.680 s
[INFO] Finished at: 2026-05-12T13:55:19+07:00
[INFO] ------------------------------------------------------------------------
[ERROR] Failed to execute goal org.apache.maven.plugins:maven-compiler-plugin:3.11.0:compile (default-compile) on project LiteFlow: Compilation failure: Compilation failure: 
[ERROR] /C:/Users/ADMIN/Downloads/LiteFlow-master/LiteFlow-master/src/main/java/com/liteflow/modules/auth/service/UserService.java:[21,30] cannot find symbol
[ERROR]   symbol:   class User
[ERROR]   location: class com.liteflow.modules.auth.service.UserService
[ERROR] /C:/Users/ADMIN/Downloads/LiteFlow-master/LiteFlow-master/src/main/java/com/liteflow/modules/auth/service/UserService.java:[22,30] cannot find symbol
[ERROR]   symbol:   class UserSession
[ERROR]   location: class com.liteflow.modules.auth.service.UserService
[ERROR] /C:/Users/ADMIN/Downloads/LiteFlow-master/LiteFlow-master/src/main/java/com/liteflow/modules/auth/service/UserService.java:[35,17] cannot find symbol
[ERROR]   symbol:   class User
[ERROR]   location: class com.liteflow.modules.auth.service.UserService
[ERROR] /C:/Users/ADMIN/Downloads/LiteFlow-master/LiteFlow-master/src/main/java/com/liteflow/modules/auth/service/UserService.java:[45,21] cannot find symbol
[ERROR]   symbol:   class User
[ERROR]   location: class com.liteflow.modules.auth.service.UserService
[ERROR] /C:/Users/ADMIN/Downloads/LiteFlow-master/LiteFlow-master/src/main/java/com/liteflow/modules/auth/service/UserService.java:[55,31] cannot find symbol
[ERROR]   symbol:   class User
[ERROR]   location: class com.liteflow.modules.auth.service.UserService
[ERROR] /C:/Users/ADMIN/Downloads/LiteFlow-master/LiteFlow-master/src/main/java/com/liteflow/modules/auth/service/UserService.java:[65,31] cannot find symbol
[ERROR]   symbol:   class User
[ERROR]   location: class com.liteflow.modules.auth.service.UserService
[ERROR] /C:/Users/ADMIN/Downloads/LiteFlow-master/LiteFlow-master/src/main/java/com/liteflow/modules/auth/service/UserService.java:[122,12] cannot find symbol
[ERROR]   symbol:   class User
[ERROR]   location: class com.liteflow.modules.auth.service.UserService
[ERROR] /C:/Users/ADMIN/Downloads/LiteFlow-master/LiteFlow-master/src/main/java/com/liteflow/modules/auth/service/UserService.java:[144,12] cannot find symbol
[ERROR]   symbol:   class User
[ERROR]   location: class com.liteflow.modules.auth.service.UserService
[ERROR] /C:/Users/ADMIN/Downloads/LiteFlow-master/LiteFlow-master/src/main/java/com/liteflow/modules/auth/service/UserService.java:[254,35] cannot find symbol
[ERROR]   symbol:   class User
[ERROR]   location: class com.liteflow.modules.auth.service.UserService
[ERROR] /C:/Users/ADMIN/Downloads/LiteFlow-master/LiteFlow-master/src/main/java/com/liteflow/modules/auth/service/UserService.java:[280,38] cannot find symbol
[ERROR]   symbol:   class User
[ERROR]   location: class com.liteflow.modules.auth.service.UserService
[ERROR] /C:/Users/ADMIN/Downloads/LiteFlow-master/LiteFlow-master/src/main/java/com/liteflow/modules/auth/service/UserService.java:[280,12] cannot find symbol
[ERROR]   symbol:   class UserSession
[ERROR]   location: class com.liteflow.modules.auth.service.UserService
[ERROR] /C:/Users/ADMIN/Downloads/LiteFlow-master/LiteFlow-master/src/main/java/com/liteflow/modules/auth/service/UserService.java:[315,12] cannot find symbol
[ERROR]   symbol:   class UserSession
[ERROR]   location: class com.liteflow.modules.auth.service.UserService
[ERROR] /C:/Users/ADMIN/Downloads/LiteFlow-master/LiteFlow-master/src/main/java/com/liteflow/modules/auth/service/UserService.java:[372,17] cannot find symbol
[ERROR]   symbol:   class UserSession
[ERROR]   location: class com.liteflow.modules.auth.service.UserService
[ERROR] /C:/Users/ADMIN/Downloads/LiteFlow-master/LiteFlow-master/src/main/java/com/liteflow/modules/auth/service/UserService.java:[393,12] cannot find symbol
[ERROR]   symbol:   class User
[ERROR]   location: class com.liteflow.modules.auth.service.UserService
[ERROR] /C:/Users/ADMIN/Downloads/LiteFlow-master/LiteFlow-master/src/main/java/com/liteflow/modules/auth/service/UserService.java:[416,32] cannot find symbol
[ERROR]   symbol:   class User
[ERROR]   location: class com.liteflow.modules.auth.service.UserService
[ERROR] /C:/Users/ADMIN/Downloads/LiteFlow-master/LiteFlow-master/src/main/java/com/liteflow/modules/auth/service/UserService.java:[8,1] package com.liteflow.model.auth does not exist
[ERROR] /C:/Users/ADMIN/Downloads/LiteFlow-master/LiteFlow-master/src/main/java/com/liteflow/web/settings/SettingsPageServlet.java:[3,31] package com.liteflow.model.auth does not exist
[ERROR] /C:/Users/ADMIN/Downloads/LiteFlow-master/LiteFlow-master/src/main/java/com/liteflow/web/settings/SettingsPageServlet.java:[4,33] package com.liteflow.service.auth does not exist
[ERROR] /C:/Users/ADMIN/Downloads/LiteFlow-master/LiteFlow-master/src/main/java/com/liteflow/web/settings/SettingsPageServlet.java:[19,19] cannot find symbol
[ERROR]   symbol:   class UserService
[ERROR]   location: class com.liteflow.web.settings.SettingsPageServlet
[ERROR] /C:/Users/ADMIN/Downloads/LiteFlow-master/LiteFlow-master/src/main/java/com/liteflow/modules/core/service/AlertService.java:[17,19] cannot find symbol
[ERROR]   symbol:   class AlertConfigurationDAO
[ERROR]   location: class com.liteflow.modules.core.service.AlertService
[ERROR] /C:/Users/ADMIN/Downloads/LiteFlow-master/LiteFlow-master/src/main/java/com/liteflow/modules/core/service/AlertService.java:[18,19] cannot find symbol
[ERROR]   symbol:   class AlertHistoryDAO
[ERROR]   location: class com.liteflow.modules.core.service.AlertService
[ERROR] /C:/Users/ADMIN/Downloads/LiteFlow-master/LiteFlow-master/src/main/java/com/liteflow/modules/core/service/AlertService.java:[20,19] cannot find symbol
[ERROR]   symbol:   class UserAlertPreferenceDAO
[ERROR]   location: class com.liteflow.modules.core.service.AlertService
[ERROR] /C:/Users/ADMIN/Downloads/LiteFlow-master/LiteFlow-master/src/main/java/com/liteflow/modules/core/service/AlertService.java:[96,31] cannot find symbol
[ERROR]   symbol:   class AlertHistory
[ERROR]   location: class com.liteflow.modules.core.service.AlertService
[ERROR] /C:/Users/ADMIN/Downloads/LiteFlow-master/LiteFlow-master/src/main/java/com/liteflow/modules/core/service/AlertService.java:[96,51] cannot find symbol
[ERROR]   symbol:   class AlertConfiguration
[ERROR]   location: class com.liteflow.modules.core.service.AlertService
[ERROR] /C:/Users/ADMIN/Downloads/LiteFlow-master/LiteFlow-master/src/main/java/com/liteflow/modules/core/service/AlertService.java:[514,17] cannot find symbol
[ERROR]   symbol:   class AlertHistory
[ERROR]   location: class com.liteflow.modules.core.service.AlertService
[ERROR] /C:/Users/ADMIN/Downloads/LiteFlow-master/LiteFlow-master/src/main/java/com/liteflow/modules/core/service/AlertService.java:[521,17] cannot find symbol
[ERROR]   symbol:   class AlertHistory
[ERROR]   location: class com.liteflow.modules.core.service.AlertService
[ERROR] /C:/Users/ADMIN/Downloads/LiteFlow-master/LiteFlow-master/src/main/java/com/liteflow/modules/core/service/AlertService.java:[528,17] cannot find symbol
[ERROR]   symbol:   class AlertHistory
[ERROR]   location: class com.liteflow.modules.core.service.AlertService
[ERROR] /C:/Users/ADMIN/Downloads/LiteFlow-master/LiteFlow-master/src/main/java/com/liteflow/modules/core/service/AlertService.java:[556,12] cannot find symbol
[ERROR]   symbol:   class AlertHistory
[ERROR]   location: class com.liteflow.modules.core.service.AlertService
[ERROR] /C:/Users/ADMIN/Downloads/LiteFlow-master/LiteFlow-master/src/main/java/com/liteflow/modules/core/service/AlertService.java:[637,17] cannot find symbol
[ERROR]   symbol:   class AlertConfiguration
[ERROR]   location: class com.liteflow.modules.core.service.AlertService
[ERROR] /C:/Users/ADMIN/Downloads/LiteFlow-master/LiteFlow-master/src/main/java/com/liteflow/modules/core/service/AlertService.java:[644,17] cannot find symbol
[ERROR]   symbol:   class AlertConfiguration
[ERROR]   location: class com.liteflow.modules.core.service.AlertService
[ERROR] /C:/Users/ADMIN/Downloads/LiteFlow-master/LiteFlow-master/src/main/java/com/liteflow/modules/core/service/AlertService.java:[651,40] cannot find symbol
[ERROR]   symbol:   class AlertConfiguration
[ERROR]   location: class com.liteflow.modules.core.service.AlertService
[ERROR] /C:/Users/ADMIN/Downloads/LiteFlow-master/LiteFlow-master/src/main/java/com/liteflow/modules/core/service/AlertService.java:[3,1] package com.liteflow.dao.alert does not exist
[ERROR] /C:/Users/ADMIN/Downloads/LiteFlow-master/LiteFlow-master/src/main/java/com/liteflow/modules/core/service/AlertService.java:[4,1] package com.liteflow.model.alert does not exist
[ERROR] /C:/Users/ADMIN/Downloads/LiteFlow-master/LiteFlow-master/src/main/java/com/liteflow/security/AuthUtils.java:[3,31] package com.liteflow.model.auth does not exist
[ERROR] /C:/Users/ADMIN/Downloads/LiteFlow-master/LiteFlow-master/src/main/java/com/liteflow/security/AuthUtils.java:[4,31] package com.liteflow.model.auth does not exist
[ERROR] /C:/Users/ADMIN/Downloads/LiteFlow-master/LiteFlow-master/src/main/java/com/liteflow/security/AuthUtils.java:[62,38] cannot find symbol
[ERROR]   symbol:   class User
[ERROR]   location: class com.liteflow.security.AuthUtils
[ERROR] /C:/Users/ADMIN/Downloads/LiteFlow-master/LiteFlow-master/src/main/java/com/liteflow/security/AuthControllerHelper.java:[3,31] package com.liteflow.model.auth does not exist
[ERROR] /C:/Users/ADMIN/Downloads/LiteFlow-master/LiteFlow-master/src/main/java/com/liteflow/security/AuthControllerHelper.java:[4,31] package com.liteflow.model.auth does not exist
[ERROR] /C:/Users/ADMIN/Downloads/LiteFlow-master/LiteFlow-master/src/main/java/com/liteflow/security/AuthControllerHelper.java:[5,33] package com.liteflow.service.auth does not exist
[ERROR] /C:/Users/ADMIN/Downloads/LiteFlow-master/LiteFlow-master/src/main/java/com/liteflow/security/AuthControllerHelper.java:[6,33] package com.liteflow.service.auth does not exist
[ERROR] /C:/Users/ADMIN/Downloads/LiteFlow-master/LiteFlow-master/src/main/java/com/liteflow/security/AuthControllerHelper.java:[7,33] package com.liteflow.service.auth does not exist
[ERROR] /C:/Users/ADMIN/Downloads/LiteFlow-master/LiteFlow-master/src/main/java/com/liteflow/security/AuthControllerHelper.java:[32,19] cannot find symbol
[ERROR]   symbol:   class UserService
[ERROR]   location: class com.liteflow.security.AuthControllerHelper
[ERROR] /C:/Users/ADMIN/Downloads/LiteFlow-master/LiteFlow-master/src/main/java/com/liteflow/security/AuthControllerHelper.java:[33,19] cannot find symbol
[ERROR]   symbol:   class OtpService
[ERROR]   location: class com.liteflow.security.AuthControllerHelper
[ERROR] /C:/Users/ADMIN/Downloads/LiteFlow-master/LiteFlow-master/src/main/java/com/liteflow/security/AuthControllerHelper.java:[34,19] cannot find symbol
[ERROR]   symbol:   class AuditService
[ERROR]   location: class com.liteflow.security.AuthControllerHelper
[ERROR] /C:/Users/ADMIN/Downloads/LiteFlow-master/LiteFlow-master/src/main/java/com/liteflow/security/AuthControllerHelper.java:[41,44] cannot find symbol
[ERROR]   symbol:   class User
[ERROR]   location: class com.liteflow.security.AuthControllerHelper
[ERROR] /C:/Users/ADMIN/Downloads/LiteFlow-master/LiteFlow-master/src/main/java/com/liteflow/security/AuthControllerHelper.java:[73,34] cannot find symbol
[ERROR]   symbol:   class User
[ERROR]   location: class com.liteflow.security.AuthControllerHelper
[ERROR] /C:/Users/ADMIN/Downloads/LiteFlow-master/LiteFlow-master/src/main/java/com/liteflow/security/AuthControllerHelper.java:[82,33] cannot find symbol
[ERROR]   symbol:   class User
[ERROR]   location: class com.liteflow.security.AuthControllerHelper
[ERROR] /C:/Users/ADMIN/Downloads/LiteFlow-master/LiteFlow-master/src/main/java/com/liteflow/security/AuthControllerHelper.java:[97,33] cannot find symbol
[ERROR]   symbol:   class User
[ERROR]   location: class com.liteflow.security.AuthControllerHelper
[ERROR] /C:/Users/ADMIN/Downloads/LiteFlow-master/LiteFlow-master/src/main/java/com/liteflow/security/AuthControllerHelper.java:[97,44] cannot find symbol
[ERROR]   symbol:   class UserSession
[ERROR]   location: class com.liteflow.security.AuthControllerHelper
[ERROR] /C:/Users/ADMIN/Downloads/LiteFlow-master/LiteFlow-master/src/main/java/com/liteflow/security/AuthControllerHelper.java:[127,35] cannot find symbol
[ERROR]   symbol:   class User
[ERROR]   location: class com.liteflow.security.AuthControllerHelper
[ERROR] /C:/Users/ADMIN/Downloads/LiteFlow-master/LiteFlow-master/src/main/java/com/liteflow/security/AuthControllerHelper.java:[134,41] cannot find symbol
[ERROR]   symbol:   class User
[ERROR]   location: class com.liteflow.security.AuthControllerHelper
[ERROR] /C:/Users/ADMIN/Downloads/LiteFlow-master/LiteFlow-master/src/main/java/com/liteflow/security/AuthControllerHelper.java:[157,13] cannot find symbol
[ERROR]   symbol:   class User
[ERROR]   location: class com.liteflow.security.AuthControllerHelper
[ERROR] /C:/Users/ADMIN/Downloads/LiteFlow-master/LiteFlow-master/src/main/java/com/liteflow/job/ReservationOverdueJob.java:[3,38] package com.liteflow.service.inventory does not exist
[ERROR] /C:/Users/ADMIN/Downloads/LiteFlow-master/LiteFlow-master/src/main/java/com/liteflow/filter/LoginFilter.java:[3,31] package com.liteflow.model.auth does not exist
[ERROR] /C:/Users/ADMIN/Downloads/LiteFlow-master/LiteFlow-master/src/main/java/com/liteflow/filter/LoginFilter.java:[5,33] package com.liteflow.service.auth does not exist
[ERROR] /C:/Users/ADMIN/Downloads/LiteFlow-master/LiteFlow-master/src/main/java/com/liteflow/filter/LoginFilter.java:[20,19] cannot find symbol
[ERROR]   symbol:   class UserService
[ERROR]   location: class com.liteflow.filter.LoginFilter
[ERROR] /C:/Users/ADMIN/Downloads/LiteFlow-master/LiteFlow-master/src/main/java/com/liteflow/modules/inventory/dao/OrderDAO.java:[162,13] cannot find symbol
[ERROR]   symbol:   class TableSession
[ERROR]   location: class com.liteflow.modules.inventory.dao.OrderDAO
[ERROR] /C:/Users/ADMIN/Downloads/LiteFlow-master/LiteFlow-master/src/main/java/com/liteflow/modules/inventory/dao/OrderDAO.java:[271,55] cannot find symbol
[ERROR]   symbol:   class TableSession
[ERROR]   location: class com.liteflow.modules.inventory.dao.OrderDAO
[ERROR] /C:/Users/ADMIN/Downloads/LiteFlow-master/LiteFlow-master/src/main/java/com/liteflow/modules/inventory/dao/OrderDAO.java:[4,1] package com.liteflow.model.inventory does not exist
[ERROR] /C:/Users/ADMIN/Downloads/LiteFlow-master/LiteFlow-master/src/main/java/com/liteflow/modules/reservation/controller/PaymentResultServlet.java:[4,1] package com.liteflow.model.inventory does not exist
[ERROR] /C:/Users/ADMIN/Downloads/LiteFlow-master/LiteFlow-master/src/main/java/com/liteflow/filter/AuthenticationFilter.java:[3,31] package com.liteflow.model.auth does not exist
[ERROR] /C:/Users/ADMIN/Downloads/LiteFlow-master/LiteFlow-master/src/main/java/com/liteflow/filter/AuthenticationFilter.java:[5,37] package com.liteflow.service.employee does not exist
[ERROR] /C:/Users/ADMIN/Downloads/LiteFlow-master/LiteFlow-master/src/main/java/com/liteflow/filter/AuthenticationFilter.java:[6,33] package com.liteflow.service.auth does not exist
[ERROR] /C:/Users/ADMIN/Downloads/LiteFlow-master/LiteFlow-master/src/main/java/com/liteflow/filter/AuthenticationFilter.java:[7,33] package com.liteflow.service.auth does not exist
[ERROR] /C:/Users/ADMIN/Downloads/LiteFlow-master/LiteFlow-master/src/main/java/com/liteflow/filter/AuthenticationFilter.java:[20,19] cannot find symbol
[ERROR]   symbol:   class AuditService
[ERROR]   location: class com.liteflow.filter.AuthenticationFilter
[ERROR] /C:/Users/ADMIN/Downloads/LiteFlow-master/LiteFlow-master/src/main/java/com/liteflow/filter/AuthenticationFilter.java:[21,19] cannot find symbol
[ERROR]   symbol:   class UserService
[ERROR]   location: class com.liteflow.filter.AuthenticationFilter
[ERROR] /C:/Users/ADMIN/Downloads/LiteFlow-master/LiteFlow-master/src/main/java/com/liteflow/filter/AuthenticationFilter.java:[22,19] cannot find symbol
[ERROR]   symbol:   class EmployeeService
[ERROR]   location: class com.liteflow.filter.AuthenticationFilter
[ERROR] /C:/Users/ADMIN/Downloads/LiteFlow-master/LiteFlow-master/src/main/java/com/liteflow/modules/procurement/service/ProcurementService.java:[17,19] cannot find symbol
[ERROR]   symbol:   class SupplierDAO
[ERROR]   location: class com.liteflow.modules.procurement.service.ProcurementService
[ERROR] /C:/Users/ADMIN/Downloads/LiteFlow-master/LiteFlow-master/src/main/java/com/liteflow/modules/procurement/service/ProcurementService.java:[18,19] cannot find symbol
[ERROR]   symbol:   class SupplierSLADAO
[ERROR]   location: class com.liteflow.modules.procurement.service.ProcurementService
[ERROR] /C:/Users/ADMIN/Downloads/LiteFlow-master/LiteFlow-master/src/main/java/com/liteflow/modules/procurement/service/ProcurementService.java:[19,19] cannot find symbol
[ERROR]   symbol:   class PurchaseOrderDAO
[ERROR]   location: class com.liteflow.modules.procurement.service.ProcurementService
[ERROR] /C:/Users/ADMIN/Downloads/LiteFlow-master/LiteFlow-master/src/main/java/com/liteflow/modules/procurement/service/ProcurementService.java:[20,19] cannot find symbol
[ERROR]   symbol:   class PurchaseOrderItemDAO
[ERROR]   location: class com.liteflow.modules.procurement.service.ProcurementService
[ERROR] /C:/Users/ADMIN/Downloads/LiteFlow-master/LiteFlow-master/src/main/java/com/liteflow/modules/procurement/service/ProcurementService.java:[21,19] cannot find symbol
[ERROR]   symbol:   class GoodsReceiptDAO
[ERROR]   location: class com.liteflow.modules.procurement.service.ProcurementService
[ERROR] /C:/Users/ADMIN/Downloads/LiteFlow-master/LiteFlow-master/src/main/java/com/liteflow/modules/procurement/service/ProcurementService.java:[23,19] cannot find symbol
[ERROR]   symbol:   class GoodsReceiptItemDAO
[ERROR]   location: class com.liteflow.modules.procurement.service.ProcurementService
[ERROR] /C:/Users/ADMIN/Downloads/LiteFlow-master/LiteFlow-master/src/main/java/com/liteflow/modules/procurement/service/ProcurementService.java:[24,19] cannot find symbol
[ERROR]   symbol:   class InvoiceDAO
[ERROR]   location: class com.liteflow.modules.procurement.service.ProcurementService
[ERROR] /C:/Users/ADMIN/Downloads/LiteFlow-master/LiteFlow-master/src/main/java/com/liteflow/modules/procurement/service/ProcurementService.java:[25,19] cannot find symbol
[ERROR]   symbol:   class InvoiceItemDAO
[ERROR]   location: class com.liteflow.modules.procurement.service.ProcurementService
[ERROR] /C:/Users/ADMIN/Downloads/LiteFlow-master/LiteFlow-master/src/main/java/com/liteflow/modules/procurement/service/ProcurementService.java:[45,17] cannot find symbol
[ERROR]   symbol:   class Supplier
[ERROR]   location: class com.liteflow.modules.procurement.service.ProcurementService
[ERROR] /C:/Users/ADMIN/Downloads/LiteFlow-master/LiteFlow-master/src/main/java/com/liteflow/modules/procurement/service/ProcurementService.java:[47,12] cannot find symbol
[ERROR]   symbol:   class Supplier
[ERROR]   location: class com.liteflow.modules.procurement.service.ProcurementService
[ERROR] /C:/Users/ADMIN/Downloads/LiteFlow-master/LiteFlow-master/src/main/java/com/liteflow/modules/procurement/service/ProcurementService.java:[51,35] cannot find symbol
[ERROR]   symbol:   class Supplier
[ERROR]   location: class com.liteflow.modules.procurement.service.ProcurementService
[ERROR] /C:/Users/ADMIN/Downloads/LiteFlow-master/LiteFlow-master/src/main/java/com/liteflow/modules/procurement/service/ProcurementService.java:[65,117] cannot find symbol
[ERROR]   symbol:   class PurchaseOrderItem
[ERROR]   location: class com.liteflow.modules.procurement.service.ProcurementService
[ERROR] /C:/Users/ADMIN/Downloads/LiteFlow-master/LiteFlow-master/src/main/java/com/liteflow/modules/procurement/service/ProcurementService.java:[278,17] cannot find symbol
[ERROR]   symbol:   class PurchaseOrder
[ERROR]   location: class com.liteflow.modules.procurement.service.ProcurementService
[ERROR] /C:/Users/ADMIN/Downloads/LiteFlow-master/LiteFlow-master/src/main/java/com/liteflow/modules/procurement/service/ProcurementService.java:[280,17] cannot find symbol
[ERROR]   symbol:   class PurchaseOrderItem
[ERROR]   location: class com.liteflow.modules.procurement.service.ProcurementService
[ERROR] /C:/Users/ADMIN/Downloads/LiteFlow-master/LiteFlow-master/src/main/java/com/liteflow/modules/procurement/service/ProcurementService.java:[391,17] cannot find symbol
[ERROR]   symbol:   class PurchaseOrder
[ERROR]   location: class com.liteflow.modules.procurement.service.ProcurementService
[ERROR] /C:/Users/ADMIN/Downloads/LiteFlow-master/LiteFlow-master/src/main/java/com/liteflow/modules/procurement/service/ProcurementService.java:[1101,37] cannot find symbol
[ERROR]   symbol:   class Invoice
[ERROR]   location: class com.liteflow.modules.procurement.service.ProcurementService
[ERROR] /C:/Users/ADMIN/Downloads/LiteFlow-master/LiteFlow-master/src/main/java/com/liteflow/modules/procurement/service/ProcurementService.java:[1191,17] cannot find symbol
[ERROR]   symbol:   class PurchaseOrder
[ERROR]   location: class com.liteflow.modules.procurement.service.ProcurementService
[ERROR] /C:/Users/ADMIN/Downloads/LiteFlow-master/LiteFlow-master/src/main/java/com/liteflow/modules/procurement/service/ProcurementService.java:[1203,17] cannot find symbol
[ERROR]   symbol:   class PurchaseOrder
[ERROR]   location: class com.liteflow.modules.procurement.service.ProcurementService
[ERROR] /C:/Users/ADMIN/Downloads/LiteFlow-master/LiteFlow-master/src/main/java/com/liteflow/modules/procurement/service/ProcurementService.java:[1263,17] cannot find symbol
[ERROR]   symbol:   class Invoice
[ERROR]   location: class com.liteflow.modules.procurement.service.ProcurementService
[ERROR] /C:/Users/ADMIN/Downloads/LiteFlow-master/LiteFlow-master/src/main/java/com/liteflow/modules/procurement/service/ProcurementService.java:[1270,12] cannot find symbol
[ERROR]   symbol:   class Invoice
[ERROR]   location: class com.liteflow.modules.procurement.service.ProcurementService
[ERROR] /C:/Users/ADMIN/Downloads/LiteFlow-master/LiteFlow-master/src/main/java/com/liteflow/modules/procurement/service/ProcurementService.java:[1277,17] cannot find symbol
[ERROR]   symbol:   class Invoice
[ERROR]   location: class com.liteflow.modules.procurement.service.ProcurementService
[ERROR] /C:/Users/ADMIN/Downloads/LiteFlow-master/LiteFlow-master/src/main/java/com/liteflow/modules/procurement/service/ProcurementService.java:[1286,17] cannot find symbol
[ERROR]   symbol:   class Invoice
[ERROR]   location: class com.liteflow.modules.procurement.service.ProcurementService
[ERROR] /C:/Users/ADMIN/Downloads/LiteFlow-master/LiteFlow-master/src/main/java/com/liteflow/modules/procurement/service/ProcurementService.java:[1295,17] cannot find symbol
[ERROR]   symbol:   class Invoice
[ERROR]   location: class com.liteflow.modules.procurement.service.ProcurementService
[ERROR] /C:/Users/ADMIN/Downloads/LiteFlow-master/LiteFlow-master/src/main/java/com/liteflow/modules/procurement/service/ProcurementService.java:[1316,34] cannot find symbol
[ERROR]   symbol:   class Invoice
[ERROR]   location: class com.liteflow.modules.procurement.service.ProcurementService
[ERROR] /C:/Users/ADMIN/Downloads/LiteFlow-master/LiteFlow-master/src/main/java/com/liteflow/modules/procurement/service/ProcurementService.java:[1340,17] cannot find symbol
[ERROR]   symbol:   class Invoice
[ERROR]   location: class com.liteflow.modules.procurement.service.ProcurementService
[ERROR] /C:/Users/ADMIN/Downloads/LiteFlow-master/LiteFlow-master/src/main/java/com/liteflow/modules/procurement/service/InvoiceMatchingService.java:[15,19] cannot find symbol
[ERROR]   symbol:   class PurchaseOrderDAO
[ERROR]   location: class com.liteflow.modules.procurement.service.InvoiceMatchingService
[ERROR] /C:/Users/ADMIN/Downloads/LiteFlow-master/LiteFlow-master/src/main/java/com/liteflow/modules/procurement/service/InvoiceMatchingService.java:[16,19] cannot find symbol
[ERROR]   symbol:   class PurchaseOrderItemDAO
[ERROR]   location: class com.liteflow.modules.procurement.service.InvoiceMatchingService
[ERROR] /C:/Users/ADMIN/Downloads/LiteFlow-master/LiteFlow-master/src/main/java/com/liteflow/modules/procurement/service/InvoiceMatchingService.java:[17,19] cannot find symbol
[ERROR]   symbol:   class GoodsReceiptDAO
[ERROR]   location: class com.liteflow.modules.procurement.service.InvoiceMatchingService
[ERROR] /C:/Users/ADMIN/Downloads/LiteFlow-master/LiteFlow-master/src/main/java/com/liteflow/modules/procurement/service/InvoiceMatchingService.java:[18,19] cannot find symbol
[ERROR]   symbol:   class GoodsReceiptItemDAO
[ERROR]   location: class com.liteflow.modules.procurement.service.InvoiceMatchingService
[ERROR] /C:/Users/ADMIN/Downloads/LiteFlow-master/LiteFlow-master/src/main/java/com/liteflow/modules/procurement/service/InvoiceMatchingService.java:[19,19] cannot find symbol
[ERROR]   symbol:   class InvoiceDAO
[ERROR]   location: class com.liteflow.modules.procurement.service.InvoiceMatchingService
[ERROR] /C:/Users/ADMIN/Downloads/LiteFlow-master/LiteFlow-master/src/main/java/com/liteflow/modules/procurement/service/InvoiceMatchingService.java:[20,19] cannot find symbol
[ERROR]   symbol:   class InvoiceItemDAO
[ERROR]   location: class com.liteflow.modules.procurement.service.InvoiceMatchingService
[ERROR] /C:/Users/ADMIN/Downloads/LiteFlow-master/LiteFlow-master/src/main/java/com/liteflow/modules/procurement/service/InvoiceMatchingService.java:[204,9] cannot find symbol
[ERROR]   symbol:   class InvoiceItem
[ERROR]   location: class com.liteflow.modules.procurement.service.InvoiceMatchingService
[ERROR] /C:/Users/ADMIN/Downloads/LiteFlow-master/LiteFlow-master/src/main/java/com/liteflow/modules/procurement/service/InvoiceMatchingService.java:[205,9] cannot find symbol
[ERROR]   symbol:   class PurchaseOrderItem
[ERROR]   location: class com.liteflow.modules.procurement.service.InvoiceMatchingService
[ERROR] -> [Help 1]
[ERROR] 
[ERROR] To see the full stack trace of the errors, re-run Maven with the -e switch.
[ERROR] Re-run Maven using the -X switch to enable full debug logging.
[ERROR] 
[ERROR] For more information about the errors and possible solutions, please read the following articles:
[ERROR] [Help 1] http://cwiki.apache.org/confluence/display/MAVEN/MojoFailureException
